// Jest Snapshot v1, https://goo.gl/fbAQLP

exports[`ProductForm matches snapshot 1`] = `
<DocumentFragment>
  <form
    class="space-y-8"
  >
    <div
      class="space-y-2"
    >
      <label
        for="name"
      >
        SKU
      </label>
      <input
        class="flex h-10 w-full rounded-md border border-input bg-background px-3 py-2 text-sm ring-offset-background file:border-0 file:bg-transparent file:text-sm file:font-medium placeholder:text-muted-foreground focus-visible:outline-none focus-visible:ring-2 focus-visible:ring-ring focus-visible:ring-offset-2 disabled:cursor-not-allowed disabled:opacity-50"
        id="sku"
        name="sku"
        type="text"
      />
    </div>
    <div
      class="space-y-2"
    >
      <label
        for="name"
      >
        Name
      </label>
      <input
        class="flex h-10 w-full rounded-md border border-input bg-background px-3 py-2 text-sm ring-offset-background file:border-0 file:bg-transparent file:text-sm file:font-medium placeholder:text-muted-foreground focus-visible:outline-none focus-visible:ring-2 focus-visible:ring-ring focus-visible:ring-offset-2 disabled:cursor-not-allowed disabled:opacity-50"
        id="name"
        name="name"
        type="text"
      />
    </div>
    <button
      class="inline-flex items-center justify-center whitespace-nowrap rounded-md text-sm font-medium ring-offset-background transition-colors focus-visible:outline-none focus-visible:ring-2 focus-visible:ring-ring focus-visible:ring-offset-2 disabled:pointer-events-none disabled:opacity-50 bg-primary text-primary-foreground hover:bg-primary/90 h-10 px-4 py-2"
      type="submit"
    >
      Save 
    </button>
  </form>
</DocumentFragment>
`;
